<?xml version="1.0" encoding="UTF-8"?>
<TestRun id="f11ac732-bf95-490e-8599-f3bb9afa2a8e" name="computerlab@LAB227-PC07 2012-04-23 19:53:05" runUser="LAB227-PC07\computerlab" xmlns="http://microsoft.com/schemas/VisualStudio/TeamTest/2010">
  <TestSettings name="Local" id="80f8ab4c-729f-41ac-999b-41137eb9942e">
    <Description>These are default test settings for a local test run.</Description>
    <Deployment enabled="false" runDeploymentRoot="computerlab_LAB227-PC07 2012-04-23 19_53_05">
      <DeploymentItem filename="C:\netmvc\Q1\PhoneEntrySolution\PhoneEntrySolution\web\bin\web.dll" />
    </Deployment>
    <Execution>
      <TestTypeSpecific />
      <AgentRule name="Execution Agents">
      </AgentRule>
    </Execution>
  </TestSettings>
  <Times creation="2012-04-23T19:53:05.1069466-04:00" queuing="2012-04-23T19:53:05.1539493-04:00" start="2012-04-23T19:53:05.1589495-04:00" finish="2012-04-23T19:53:05.3859625-04:00" />
  <ResultSummary outcome="Failed">
    <Counters total="5" executed="5" passed="4" error="0" failed="1" timeout="0" aborted="0" inconclusive="0" passedButRunAborted="0" notRunnable="0" notExecuted="0" disconnected="0" warning="0" completed="0" inProgress="0" pending="0" />
  </ResultSummary>
  <TestDefinitions>
    <UnitTest name="AvailableTypesForAPhoneEntryWorks" storage="c:\netmvc\q1\phoneentrysolution\phoneentrysolution\phoneentrytest\bin\debug\phoneentrytest.dll" id="142ef973-fd85-a7fd-f630-9b8e94c7f051">
      <Execution id="79896cb9-8af9-4c73-96f6-364e6673e3d0" />
      <TestMethod codeBase="C:/netmvc/Q1/PhoneEntrySolution/PhoneEntrySolution/PhoneEntryTest/bin/Debug/PhoneEntryTest.DLL" adapterTypeName="Microsoft.VisualStudio.TestTools.TestTypes.Unit.UnitTestAdapter, Microsoft.VisualStudio.QualityTools.Tips.UnitTest.Adapter, Version=10.0.0.0, Culture=neutral, PublicKeyToken=b03f5f7f11d50a3a" className="PhoneEntryTest.PhoneEntriesViewModelUnitTest, PhoneEntryTest, Version=1.0.0.0, Culture=neutral, PublicKeyToken=null" name="AvailableTypesForAPhoneEntryWorks" />
    </UnitTest>
    <UnitTest name="AvailableTypesIsWorking" storage="c:\netmvc\q1\phoneentrysolution\phoneentrysolution\phoneentrytest\bin\debug\phoneentrytest.dll" id="23441913-083e-1afa-4d33-8049df74a21d">
      <Execution id="f84a53f5-40d6-4b85-8558-0b1f3f609e08" />
      <TestMethod codeBase="C:/netmvc/Q1/PhoneEntrySolution/PhoneEntrySolution/PhoneEntryTest/bin/Debug/PhoneEntryTest.DLL" adapterTypeName="Microsoft.VisualStudio.TestTools.TestTypes.Unit.UnitTestAdapter, Microsoft.VisualStudio.QualityTools.Tips.UnitTest.Adapter, Version=10.0.0.0, Culture=neutral, PublicKeyToken=b03f5f7f11d50a3a" className="PhoneEntryTest.PhoneEntriesViewModelUnitTest, PhoneEntryTest, Version=1.0.0.0, Culture=neutral, PublicKeyToken=null" name="AvailableTypesIsWorking" />
    </UnitTest>
    <UnitTest name="ModelIsNotNull" storage="c:\netmvc\q1\phoneentrysolution\phoneentrysolution\phoneentrytest\bin\debug\phoneentrytest.dll" id="76e9c657-06ae-9052-fc41-56a70fef3b9b">
      <Execution id="6390f30b-890a-4eda-9f74-18a83a477ee5" />
      <TestMethod codeBase="C:/netmvc/Q1/PhoneEntrySolution/PhoneEntrySolution/PhoneEntryTest/bin/Debug/PhoneEntryTest.DLL" adapterTypeName="Microsoft.VisualStudio.TestTools.TestTypes.Unit.UnitTestAdapter, Microsoft.VisualStudio.QualityTools.Tips.UnitTest.Adapter, Version=10.0.0.0, Culture=neutral, PublicKeyToken=b03f5f7f11d50a3a" className="PhoneEntryTest.PhoneEntriesViewModelUnitTest, PhoneEntryTest, Version=1.0.0.0, Culture=neutral, PublicKeyToken=null" name="ModelIsNotNull" />
    </UnitTest>
    <UnitTest name="AllTypesMethodIsWorking" storage="c:\netmvc\q1\phoneentrysolution\phoneentrysolution\phoneentrytest\bin\debug\phoneentrytest.dll" id="4d58af65-cf26-d4fe-b67e-7bb96bd83311">
      <Execution id="a55a3836-0d5e-49d2-a392-ef5d79d20218" />
      <TestMethod codeBase="C:/netmvc/Q1/PhoneEntrySolution/PhoneEntrySolution/PhoneEntryTest/bin/Debug/PhoneEntryTest.DLL" adapterTypeName="Microsoft.VisualStudio.TestTools.TestTypes.Unit.UnitTestAdapter, Microsoft.VisualStudio.QualityTools.Tips.UnitTest.Adapter, Version=10.0.0.0, Culture=neutral, PublicKeyToken=b03f5f7f11d50a3a" className="PhoneEntryTest.PhoneEntriesViewModelUnitTest, PhoneEntryTest, Version=1.0.0.0, Culture=neutral, PublicKeyToken=null" name="AllTypesMethodIsWorking" />
    </UnitTest>
    <UnitTest name="UsedTypeMethodIsReturningCorrectValues" storage="c:\netmvc\q1\phoneentrysolution\phoneentrysolution\phoneentrytest\bin\debug\phoneentrytest.dll" id="eba0d83a-71dd-c905-febe-eba7df0b1ca8">
      <Execution id="c15d7bda-074f-4793-a176-06c39b9406cb" />
      <TestMethod codeBase="C:/netmvc/Q1/PhoneEntrySolution/PhoneEntrySolution/PhoneEntryTest/bin/Debug/PhoneEntryTest.DLL" adapterTypeName="Microsoft.VisualStudio.TestTools.TestTypes.Unit.UnitTestAdapter, Microsoft.VisualStudio.QualityTools.Tips.UnitTest.Adapter, Version=10.0.0.0, Culture=neutral, PublicKeyToken=b03f5f7f11d50a3a" className="PhoneEntryTest.PhoneEntriesViewModelUnitTest, PhoneEntryTest, Version=1.0.0.0, Culture=neutral, PublicKeyToken=null" name="UsedTypeMethodIsReturningCorrectValues" />
    </UnitTest>
  </TestDefinitions>
  <TestLists>
    <TestList name="Results Not in a List" id="8c84fa94-04c1-424b-9868-57a2d4851a1d" />
    <TestList name="All Loaded Results" id="19431567-8539-422a-85d7-44ee4e166bda" />
  </TestLists>
  <TestEntries>
    <TestEntry testId="142ef973-fd85-a7fd-f630-9b8e94c7f051" executionId="79896cb9-8af9-4c73-96f6-364e6673e3d0" testListId="8c84fa94-04c1-424b-9868-57a2d4851a1d" />
    <TestEntry testId="23441913-083e-1afa-4d33-8049df74a21d" executionId="f84a53f5-40d6-4b85-8558-0b1f3f609e08" testListId="8c84fa94-04c1-424b-9868-57a2d4851a1d" />
    <TestEntry testId="4d58af65-cf26-d4fe-b67e-7bb96bd83311" executionId="a55a3836-0d5e-49d2-a392-ef5d79d20218" testListId="8c84fa94-04c1-424b-9868-57a2d4851a1d" />
    <TestEntry testId="76e9c657-06ae-9052-fc41-56a70fef3b9b" executionId="6390f30b-890a-4eda-9f74-18a83a477ee5" testListId="8c84fa94-04c1-424b-9868-57a2d4851a1d" />
    <TestEntry testId="eba0d83a-71dd-c905-febe-eba7df0b1ca8" executionId="c15d7bda-074f-4793-a176-06c39b9406cb" testListId="8c84fa94-04c1-424b-9868-57a2d4851a1d" />
  </TestEntries>
  <Results>
    <UnitTestResult executionId="79896cb9-8af9-4c73-96f6-364e6673e3d0" testId="142ef973-fd85-a7fd-f630-9b8e94c7f051" testName="AvailableTypesForAPhoneEntryWorks" computerName="LAB227-PC07" duration="00:00:00.0387677" startTime="2012-04-23T19:53:05.1619497-04:00" endTime="2012-04-23T19:53:05.3509605-04:00" testType="13cdc9d9-ddb5-4fa4-a97d-d965ccfc6d4b" outcome="Failed" testListId="8c84fa94-04c1-424b-9868-57a2d4851a1d" relativeResultsDirectory="79896cb9-8af9-4c73-96f6-364e6673e3d0">
      <Output>
        <ErrorInfo>
          <Message>Test method PhoneEntryTest.PhoneEntriesViewModelUnitTest.AvailableTypesForAPhoneEntryWorks threw exception: 
System.NullReferenceException: Object reference not set to an instance of an object.</Message>
          <StackTrace>    at PhoneEntryTest.PhoneEntriesViewModelUnitTest.AvailableTypesForAPhoneEntryWorks() in C:\netmvc\Q1\PhoneEntrySolution\PhoneEntrySolution\PhoneEntryTest\PhoneEntriesViewModelUnitTest.cs:line 66
</StackTrace>
        </ErrorInfo>
      </Output>
    </UnitTestResult>
    <UnitTestResult executionId="f84a53f5-40d6-4b85-8558-0b1f3f609e08" testId="23441913-083e-1afa-4d33-8049df74a21d" testName="AvailableTypesIsWorking" computerName="LAB227-PC07" duration="00:00:00.0007425" startTime="2012-04-23T19:53:05.3519606-04:00" endTime="2012-04-23T19:53:05.3549608-04:00" testType="13cdc9d9-ddb5-4fa4-a97d-d965ccfc6d4b" outcome="Passed" testListId="8c84fa94-04c1-424b-9868-57a2d4851a1d" relativeResultsDirectory="f84a53f5-40d6-4b85-8558-0b1f3f609e08">
    </UnitTestResult>
    <UnitTestResult executionId="a55a3836-0d5e-49d2-a392-ef5d79d20218" testId="4d58af65-cf26-d4fe-b67e-7bb96bd83311" testName="AllTypesMethodIsWorking" computerName="LAB227-PC07" duration="00:00:00.0002822" startTime="2012-04-23T19:53:05.3569609-04:00" endTime="2012-04-23T19:53:05.3589610-04:00" testType="13cdc9d9-ddb5-4fa4-a97d-d965ccfc6d4b" outcome="Passed" testListId="8c84fa94-04c1-424b-9868-57a2d4851a1d" relativeResultsDirectory="a55a3836-0d5e-49d2-a392-ef5d79d20218">
    </UnitTestResult>
    <UnitTestResult executionId="6390f30b-890a-4eda-9f74-18a83a477ee5" testId="76e9c657-06ae-9052-fc41-56a70fef3b9b" testName="ModelIsNotNull" computerName="LAB227-PC07" duration="00:00:00.0001425" startTime="2012-04-23T19:53:05.3609611-04:00" endTime="2012-04-23T19:53:05.3629612-04:00" testType="13cdc9d9-ddb5-4fa4-a97d-d965ccfc6d4b" outcome="Passed" testListId="8c84fa94-04c1-424b-9868-57a2d4851a1d" relativeResultsDirectory="6390f30b-890a-4eda-9f74-18a83a477ee5">
    </UnitTestResult>
    <UnitTestResult executionId="c15d7bda-074f-4793-a176-06c39b9406cb" testId="eba0d83a-71dd-c905-febe-eba7df0b1ca8" testName="UsedTypeMethodIsReturningCorrectValues" computerName="LAB227-PC07" duration="00:00:00.0004153" startTime="2012-04-23T19:53:05.3639613-04:00" endTime="2012-04-23T19:53:05.3669614-04:00" testType="13cdc9d9-ddb5-4fa4-a97d-d965ccfc6d4b" outcome="Passed" testListId="8c84fa94-04c1-424b-9868-57a2d4851a1d" relativeResultsDirectory="c15d7bda-074f-4793-a176-06c39b9406cb">
    </UnitTestResult>
  </Results>
</TestRun>