<?xml version="1.0" encoding="UTF-8"?>
<TestRun id="e9eccc47-f070-4b22-874f-671e01365efb" name="computerlab@LAB227-PC07 2012-04-23 19:49:37" runUser="LAB227-PC07\computerlab" xmlns="http://microsoft.com/schemas/VisualStudio/TeamTest/2010">
  <TestSettings name="Local" id="80f8ab4c-729f-41ac-999b-41137eb9942e">
    <Description>These are default test settings for a local test run.</Description>
    <Deployment enabled="false" runDeploymentRoot="computerlab_LAB227-PC07 2012-04-23 19_49_37">
      <DeploymentItem filename="C:\netmvc\Q1\PhoneEntrySolution\PhoneEntrySolution\web\bin\web.dll" />
    </Deployment>
    <Execution>
      <TestTypeSpecific />
      <AgentRule name="Execution Agents">
      </AgentRule>
    </Execution>
  </TestSettings>
  <Times creation="2012-04-23T19:49:37.5730763-04:00" queuing="2012-04-23T19:49:37.6240792-04:00" start="2012-04-23T19:49:37.6290795-04:00" finish="2012-04-23T19:49:37.8310911-04:00" />
  <ResultSummary outcome="Completed">
    <Counters total="5" executed="5" passed="5" error="0" failed="0" timeout="0" aborted="0" inconclusive="0" passedButRunAborted="0" notRunnable="0" notExecuted="0" disconnected="0" warning="0" completed="0" inProgress="0" pending="0" />
  </ResultSummary>
  <TestDefinitions>
    <UnitTest name="TestMethod1" storage="c:\netmvc\q1\phoneentrysolution\phoneentrysolution\phoneentrytest\bin\debug\phoneentrytest.dll" id="a59297ee-c1ed-32db-a339-cc74913a79c8">
      <Execution id="a2f14c6a-8bf8-4f23-aa81-234f7a88a0f7" />
      <TestMethod codeBase="C:/netmvc/Q1/PhoneEntrySolution/PhoneEntrySolution/PhoneEntryTest/bin/Debug/PhoneEntryTest.DLL" adapterTypeName="Microsoft.VisualStudio.TestTools.TestTypes.Unit.UnitTestAdapter, Microsoft.VisualStudio.QualityTools.Tips.UnitTest.Adapter, Version=10.0.0.0, Culture=neutral, PublicKeyToken=b03f5f7f11d50a3a" className="PhoneEntryTest.PhoneEntriesViewModelUnitTest, PhoneEntryTest, Version=1.0.0.0, Culture=neutral, PublicKeyToken=null" name="TestMethod1" />
    </UnitTest>
    <UnitTest name="AvailableTypesIsWorking" storage="c:\netmvc\q1\phoneentrysolution\phoneentrysolution\phoneentrytest\bin\debug\phoneentrytest.dll" id="23441913-083e-1afa-4d33-8049df74a21d">
      <Execution id="6490e8d1-5423-4c65-a865-44063a054ce8" />
      <TestMethod codeBase="C:/netmvc/Q1/PhoneEntrySolution/PhoneEntrySolution/PhoneEntryTest/bin/Debug/PhoneEntryTest.DLL" adapterTypeName="Microsoft.VisualStudio.TestTools.TestTypes.Unit.UnitTestAdapter, Microsoft.VisualStudio.QualityTools.Tips.UnitTest.Adapter, Version=10.0.0.0, Culture=neutral, PublicKeyToken=b03f5f7f11d50a3a" className="PhoneEntryTest.PhoneEntriesViewModelUnitTest, PhoneEntryTest, Version=1.0.0.0, Culture=neutral, PublicKeyToken=null" name="AvailableTypesIsWorking" />
    </UnitTest>
    <UnitTest name="ModelIsNotNull" storage="c:\netmvc\q1\phoneentrysolution\phoneentrysolution\phoneentrytest\bin\debug\phoneentrytest.dll" id="76e9c657-06ae-9052-fc41-56a70fef3b9b">
      <Execution id="462b8288-96e4-4e01-be26-e03404dc88ad" />
      <TestMethod codeBase="C:/netmvc/Q1/PhoneEntrySolution/PhoneEntrySolution/PhoneEntryTest/bin/Debug/PhoneEntryTest.DLL" adapterTypeName="Microsoft.VisualStudio.TestTools.TestTypes.Unit.UnitTestAdapter, Microsoft.VisualStudio.QualityTools.Tips.UnitTest.Adapter, Version=10.0.0.0, Culture=neutral, PublicKeyToken=b03f5f7f11d50a3a" className="PhoneEntryTest.PhoneEntriesViewModelUnitTest, PhoneEntryTest, Version=1.0.0.0, Culture=neutral, PublicKeyToken=null" name="ModelIsNotNull" />
    </UnitTest>
    <UnitTest name="AllTypesMethodIsWorking" storage="c:\netmvc\q1\phoneentrysolution\phoneentrysolution\phoneentrytest\bin\debug\phoneentrytest.dll" id="4d58af65-cf26-d4fe-b67e-7bb96bd83311">
      <Execution id="422ed958-c8c9-4c0e-a539-3f067db9fd54" />
      <TestMethod codeBase="C:/netmvc/Q1/PhoneEntrySolution/PhoneEntrySolution/PhoneEntryTest/bin/Debug/PhoneEntryTest.DLL" adapterTypeName="Microsoft.VisualStudio.TestTools.TestTypes.Unit.UnitTestAdapter, Microsoft.VisualStudio.QualityTools.Tips.UnitTest.Adapter, Version=10.0.0.0, Culture=neutral, PublicKeyToken=b03f5f7f11d50a3a" className="PhoneEntryTest.PhoneEntriesViewModelUnitTest, PhoneEntryTest, Version=1.0.0.0, Culture=neutral, PublicKeyToken=null" name="AllTypesMethodIsWorking" />
    </UnitTest>
    <UnitTest name="UsedTypeMethodIsReturningCorrectValues" storage="c:\netmvc\q1\phoneentrysolution\phoneentrysolution\phoneentrytest\bin\debug\phoneentrytest.dll" id="eba0d83a-71dd-c905-febe-eba7df0b1ca8">
      <Execution id="ffba405d-8568-4bb8-972d-ee47f517adce" />
      <TestMethod codeBase="C:/netmvc/Q1/PhoneEntrySolution/PhoneEntrySolution/PhoneEntryTest/bin/Debug/PhoneEntryTest.DLL" adapterTypeName="Microsoft.VisualStudio.TestTools.TestTypes.Unit.UnitTestAdapter, Microsoft.VisualStudio.QualityTools.Tips.UnitTest.Adapter, Version=10.0.0.0, Culture=neutral, PublicKeyToken=b03f5f7f11d50a3a" className="PhoneEntryTest.PhoneEntriesViewModelUnitTest, PhoneEntryTest, Version=1.0.0.0, Culture=neutral, PublicKeyToken=null" name="UsedTypeMethodIsReturningCorrectValues" />
    </UnitTest>
  </TestDefinitions>
  <TestLists>
    <TestList name="Results Not in a List" id="8c84fa94-04c1-424b-9868-57a2d4851a1d" />
    <TestList name="All Loaded Results" id="19431567-8539-422a-85d7-44ee4e166bda" />
  </TestLists>
  <TestEntries>
    <TestEntry testId="23441913-083e-1afa-4d33-8049df74a21d" executionId="6490e8d1-5423-4c65-a865-44063a054ce8" testListId="8c84fa94-04c1-424b-9868-57a2d4851a1d" />
    <TestEntry testId="4d58af65-cf26-d4fe-b67e-7bb96bd83311" executionId="422ed958-c8c9-4c0e-a539-3f067db9fd54" testListId="8c84fa94-04c1-424b-9868-57a2d4851a1d" />
    <TestEntry testId="76e9c657-06ae-9052-fc41-56a70fef3b9b" executionId="462b8288-96e4-4e01-be26-e03404dc88ad" testListId="8c84fa94-04c1-424b-9868-57a2d4851a1d" />
    <TestEntry testId="a59297ee-c1ed-32db-a339-cc74913a79c8" executionId="a2f14c6a-8bf8-4f23-aa81-234f7a88a0f7" testListId="8c84fa94-04c1-424b-9868-57a2d4851a1d" />
    <TestEntry testId="eba0d83a-71dd-c905-febe-eba7df0b1ca8" executionId="ffba405d-8568-4bb8-972d-ee47f517adce" testListId="8c84fa94-04c1-424b-9868-57a2d4851a1d" />
  </TestEntries>
  <Results>
    <UnitTestResult executionId="6490e8d1-5423-4c65-a865-44063a054ce8" testId="23441913-083e-1afa-4d33-8049df74a21d" testName="AvailableTypesIsWorking" computerName="LAB227-PC07" duration="00:00:00.0240604" startTime="2012-04-23T19:49:37.6320797-04:00" endTime="2012-04-23T19:49:37.8040895-04:00" testType="13cdc9d9-ddb5-4fa4-a97d-d965ccfc6d4b" outcome="Passed" testListId="8c84fa94-04c1-424b-9868-57a2d4851a1d" relativeResultsDirectory="6490e8d1-5423-4c65-a865-44063a054ce8">
    </UnitTestResult>
    <UnitTestResult executionId="422ed958-c8c9-4c0e-a539-3f067db9fd54" testId="4d58af65-cf26-d4fe-b67e-7bb96bd83311" testName="AllTypesMethodIsWorking" computerName="LAB227-PC07" duration="00:00:00.0002858" startTime="2012-04-23T19:49:37.8060896-04:00" endTime="2012-04-23T19:49:37.8080898-04:00" testType="13cdc9d9-ddb5-4fa4-a97d-d965ccfc6d4b" outcome="Passed" testListId="8c84fa94-04c1-424b-9868-57a2d4851a1d" relativeResultsDirectory="422ed958-c8c9-4c0e-a539-3f067db9fd54">
    </UnitTestResult>
    <UnitTestResult executionId="462b8288-96e4-4e01-be26-e03404dc88ad" testId="76e9c657-06ae-9052-fc41-56a70fef3b9b" testName="ModelIsNotNull" computerName="LAB227-PC07" duration="00:00:00.0001404" startTime="2012-04-23T19:49:37.8090898-04:00" endTime="2012-04-23T19:49:37.8120900-04:00" testType="13cdc9d9-ddb5-4fa4-a97d-d965ccfc6d4b" outcome="Passed" testListId="8c84fa94-04c1-424b-9868-57a2d4851a1d" relativeResultsDirectory="462b8288-96e4-4e01-be26-e03404dc88ad">
    </UnitTestResult>
    <UnitTestResult executionId="a2f14c6a-8bf8-4f23-aa81-234f7a88a0f7" testId="a59297ee-c1ed-32db-a339-cc74913a79c8" testName="TestMethod1" computerName="LAB227-PC07" duration="00:00:00.0000999" startTime="2012-04-23T19:49:37.8130900-04:00" endTime="2012-04-23T19:49:37.8150902-04:00" testType="13cdc9d9-ddb5-4fa4-a97d-d965ccfc6d4b" outcome="Passed" testListId="8c84fa94-04c1-424b-9868-57a2d4851a1d" relativeResultsDirectory="a2f14c6a-8bf8-4f23-aa81-234f7a88a0f7">
    </UnitTestResult>
    <UnitTestResult executionId="ffba405d-8568-4bb8-972d-ee47f517adce" testId="eba0d83a-71dd-c905-febe-eba7df0b1ca8" testName="UsedTypeMethodIsReturningCorrectValues" computerName="LAB227-PC07" duration="00:00:00.0003944" startTime="2012-04-23T19:49:37.8170903-04:00" endTime="2012-04-23T19:49:37.8190904-04:00" testType="13cdc9d9-ddb5-4fa4-a97d-d965ccfc6d4b" outcome="Passed" testListId="8c84fa94-04c1-424b-9868-57a2d4851a1d" relativeResultsDirectory="ffba405d-8568-4bb8-972d-ee47f517adce">
    </UnitTestResult>
  </Results>
</TestRun>