<?xml version="1.0" encoding="UTF-8"?>
<TestRun id="6c933dc9-c5a4-45c2-aed1-ed1b53b9ed73" name="computerlab@LAB227-INSTRUCT 2012-04-23 20:03:11" runUser="LAB227-INSTRUCT\computerlab" xmlns="http://microsoft.com/schemas/VisualStudio/TeamTest/2010">
  <TestSettings name="Local" id="80f8ab4c-729f-41ac-999b-41137eb9942e">
    <Description>These are default test settings for a local test run.</Description>
    <Deployment enabled="false" runDeploymentRoot="computerlab_LAB227-INSTRUCT 2012-04-23 20_03_11">
      <DeploymentItem filename="C:\PhoneEntrySolution\web\bin\web.dll" />
    </Deployment>
    <Execution>
      <TestTypeSpecific />
      <AgentRule name="Execution Agents">
      </AgentRule>
    </Execution>
  </TestSettings>
  <Times creation="2012-04-23T20:03:11.5908021-04:00" queuing="2012-04-23T20:03:11.7218096-04:00" start="2012-04-23T20:03:11.7268099-04:00" finish="2012-04-23T20:03:11.9598232-04:00" />
  <ResultSummary outcome="Completed">
    <Counters total="1" executed="1" passed="1" error="0" failed="0" timeout="0" aborted="0" inconclusive="0" passedButRunAborted="0" notRunnable="0" notExecuted="0" disconnected="0" warning="0" completed="0" inProgress="0" pending="0" />
  </ResultSummary>
  <TestDefinitions>
    <UnitTest name="SelectListItemsArePopulatedCorrectly" storage="c:\phoneentrysolution\phoneentrytest\bin\debug\phoneentrytest.dll" id="8a38d358-8450-8bcc-9ff8-7bc628c22776">
      <Execution id="01db191f-c557-4d2b-98a0-b5362dd8b849" />
      <TestMethod codeBase="C:/PhoneEntrySolution/PhoneEntryTest/bin/Debug/PhoneEntryTest.DLL" adapterTypeName="Microsoft.VisualStudio.TestTools.TestTypes.Unit.UnitTestAdapter, Microsoft.VisualStudio.QualityTools.Tips.UnitTest.Adapter, Version=10.0.0.0, Culture=neutral, PublicKeyToken=b03f5f7f11d50a3a" className="PhoneEntryTest.PhoneEntriesViewModelUnitTest, PhoneEntryTest, Version=1.0.0.0, Culture=neutral, PublicKeyToken=null" name="SelectListItemsArePopulatedCorrectly" />
    </UnitTest>
  </TestDefinitions>
  <TestLists>
    <TestList name="Results Not in a List" id="8c84fa94-04c1-424b-9868-57a2d4851a1d" />
    <TestList name="All Loaded Results" id="19431567-8539-422a-85d7-44ee4e166bda" />
  </TestLists>
  <TestEntries>
    <TestEntry testId="8a38d358-8450-8bcc-9ff8-7bc628c22776" executionId="01db191f-c557-4d2b-98a0-b5362dd8b849" testListId="8c84fa94-04c1-424b-9868-57a2d4851a1d" />
  </TestEntries>
  <Results>
    <UnitTestResult executionId="01db191f-c557-4d2b-98a0-b5362dd8b849" testId="8a38d358-8450-8bcc-9ff8-7bc628c22776" testName="SelectListItemsArePopulatedCorrectly" computerName="LAB227-INSTRUCT" duration="00:00:00.0438472" startTime="2012-04-23T20:03:11.7588117-04:00" endTime="2012-04-23T20:03:11.9458224-04:00" testType="13cdc9d9-ddb5-4fa4-a97d-d965ccfc6d4b" outcome="Passed" testListId="8c84fa94-04c1-424b-9868-57a2d4851a1d" relativeResultsDirectory="01db191f-c557-4d2b-98a0-b5362dd8b849">
    </UnitTestResult>
  </Results>
</TestRun>