<?xml version="1.0" encoding="UTF-8"?>
<TestRun id="382aaef1-a474-4d0b-9f52-b4ce790c3168" name="computerlab@LAB227-INSTRUCT 2012-04-23 19:49:46" runUser="LAB227-INSTRUCT\computerlab" xmlns="http://microsoft.com/schemas/VisualStudio/TeamTest/2010">
  <TestSettings name="Local" id="80f8ab4c-729f-41ac-999b-41137eb9942e">
    <Description>These are default test settings for a local test run.</Description>
    <Deployment enabled="false" runDeploymentRoot="computerlab_LAB227-INSTRUCT 2012-04-23 19_49_46">
      <DeploymentItem filename="C:\PhoneEntrySolution\web\bin\web.dll" />
    </Deployment>
    <Execution>
      <TestTypeSpecific />
      <AgentRule name="Execution Agents">
      </AgentRule>
    </Execution>
  </TestSettings>
  <Times creation="2012-04-23T19:49:46.5717577-04:00" queuing="2012-04-23T19:49:46.6397616-04:00" start="2012-04-23T19:49:46.6447619-04:00" finish="2012-04-23T19:49:46.8357728-04:00" />
  <ResultSummary outcome="Completed">
    <Counters total="4" executed="4" passed="4" error="0" failed="0" timeout="0" aborted="0" inconclusive="0" passedButRunAborted="0" notRunnable="0" notExecuted="0" disconnected="0" warning="0" completed="0" inProgress="0" pending="0" />
  </ResultSummary>
  <TestDefinitions>
    <UnitTest name="AvailableTypesIsWorking" storage="c:\phoneentrysolution\phoneentrytest\bin\debug\phoneentrytest.dll" id="23441913-083e-1afa-4d33-8049df74a21d">
      <Execution id="dc7d5961-6918-4abd-9519-e04e89454f58" />
      <TestMethod codeBase="C:/PhoneEntrySolution/PhoneEntryTest/bin/Debug/PhoneEntryTest.DLL" adapterTypeName="Microsoft.VisualStudio.TestTools.TestTypes.Unit.UnitTestAdapter, Microsoft.VisualStudio.QualityTools.Tips.UnitTest.Adapter, Version=10.0.0.0, Culture=neutral, PublicKeyToken=b03f5f7f11d50a3a" className="PhoneEntryTest.PhoneEntriesViewModelUnitTest, PhoneEntryTest, Version=1.0.0.0, Culture=neutral, PublicKeyToken=null" name="AvailableTypesIsWorking" />
    </UnitTest>
    <UnitTest name="ModelIsNotNull" storage="c:\phoneentrysolution\phoneentrytest\bin\debug\phoneentrytest.dll" id="76e9c657-06ae-9052-fc41-56a70fef3b9b">
      <Execution id="7a05bb61-e365-4371-8795-37206dce39e8" />
      <TestMethod codeBase="C:/PhoneEntrySolution/PhoneEntryTest/bin/Debug/PhoneEntryTest.DLL" adapterTypeName="Microsoft.VisualStudio.TestTools.TestTypes.Unit.UnitTestAdapter, Microsoft.VisualStudio.QualityTools.Tips.UnitTest.Adapter, Version=10.0.0.0, Culture=neutral, PublicKeyToken=b03f5f7f11d50a3a" className="PhoneEntryTest.PhoneEntriesViewModelUnitTest, PhoneEntryTest, Version=1.0.0.0, Culture=neutral, PublicKeyToken=null" name="ModelIsNotNull" />
    </UnitTest>
    <UnitTest name="AllTypesMethodIsWorking" storage="c:\phoneentrysolution\phoneentrytest\bin\debug\phoneentrytest.dll" id="4d58af65-cf26-d4fe-b67e-7bb96bd83311">
      <Execution id="417a1a4e-b63b-4a78-9954-a3e07e37a12c" />
      <TestMethod codeBase="C:/PhoneEntrySolution/PhoneEntryTest/bin/Debug/PhoneEntryTest.DLL" adapterTypeName="Microsoft.VisualStudio.TestTools.TestTypes.Unit.UnitTestAdapter, Microsoft.VisualStudio.QualityTools.Tips.UnitTest.Adapter, Version=10.0.0.0, Culture=neutral, PublicKeyToken=b03f5f7f11d50a3a" className="PhoneEntryTest.PhoneEntriesViewModelUnitTest, PhoneEntryTest, Version=1.0.0.0, Culture=neutral, PublicKeyToken=null" name="AllTypesMethodIsWorking" />
    </UnitTest>
    <UnitTest name="UsedTypesMethodIsReturningCorrectValues" storage="c:\phoneentrysolution\phoneentrytest\bin\debug\phoneentrytest.dll" id="bf71863f-9046-a0be-0eaa-3a873160c0c2">
      <Execution id="f3346cf5-5d55-4866-9f05-5463036e38ca" />
      <TestMethod codeBase="C:/PhoneEntrySolution/PhoneEntryTest/bin/Debug/PhoneEntryTest.DLL" adapterTypeName="Microsoft.VisualStudio.TestTools.TestTypes.Unit.UnitTestAdapter, Microsoft.VisualStudio.QualityTools.Tips.UnitTest.Adapter, Version=10.0.0.0, Culture=neutral, PublicKeyToken=b03f5f7f11d50a3a" className="PhoneEntryTest.PhoneEntriesViewModelUnitTest, PhoneEntryTest, Version=1.0.0.0, Culture=neutral, PublicKeyToken=null" name="UsedTypesMethodIsReturningCorrectValues" />
    </UnitTest>
  </TestDefinitions>
  <TestLists>
    <TestList name="Results Not in a List" id="8c84fa94-04c1-424b-9868-57a2d4851a1d" />
    <TestList name="All Loaded Results" id="19431567-8539-422a-85d7-44ee4e166bda" />
  </TestLists>
  <TestEntries>
    <TestEntry testId="23441913-083e-1afa-4d33-8049df74a21d" executionId="dc7d5961-6918-4abd-9519-e04e89454f58" testListId="8c84fa94-04c1-424b-9868-57a2d4851a1d" />
    <TestEntry testId="4d58af65-cf26-d4fe-b67e-7bb96bd83311" executionId="417a1a4e-b63b-4a78-9954-a3e07e37a12c" testListId="8c84fa94-04c1-424b-9868-57a2d4851a1d" />
    <TestEntry testId="76e9c657-06ae-9052-fc41-56a70fef3b9b" executionId="7a05bb61-e365-4371-8795-37206dce39e8" testListId="8c84fa94-04c1-424b-9868-57a2d4851a1d" />
    <TestEntry testId="bf71863f-9046-a0be-0eaa-3a873160c0c2" executionId="f3346cf5-5d55-4866-9f05-5463036e38ca" testListId="8c84fa94-04c1-424b-9868-57a2d4851a1d" />
  </TestEntries>
  <Results>
    <UnitTestResult executionId="dc7d5961-6918-4abd-9519-e04e89454f58" testId="23441913-083e-1afa-4d33-8049df74a21d" testName="AvailableTypesIsWorking" computerName="LAB227-INSTRUCT" duration="00:00:00.0238529" startTime="2012-04-23T19:49:46.6467620-04:00" endTime="2012-04-23T19:49:46.8127715-04:00" testType="13cdc9d9-ddb5-4fa4-a97d-d965ccfc6d4b" outcome="Passed" testListId="8c84fa94-04c1-424b-9868-57a2d4851a1d" relativeResultsDirectory="dc7d5961-6918-4abd-9519-e04e89454f58">
    </UnitTestResult>
    <UnitTestResult executionId="417a1a4e-b63b-4a78-9954-a3e07e37a12c" testId="4d58af65-cf26-d4fe-b67e-7bb96bd83311" testName="AllTypesMethodIsWorking" computerName="LAB227-INSTRUCT" duration="00:00:00.0003033" startTime="2012-04-23T19:49:46.8137715-04:00" endTime="2012-04-23T19:49:46.8167717-04:00" testType="13cdc9d9-ddb5-4fa4-a97d-d965ccfc6d4b" outcome="Passed" testListId="8c84fa94-04c1-424b-9868-57a2d4851a1d" relativeResultsDirectory="417a1a4e-b63b-4a78-9954-a3e07e37a12c">
    </UnitTestResult>
    <UnitTestResult executionId="7a05bb61-e365-4371-8795-37206dce39e8" testId="76e9c657-06ae-9052-fc41-56a70fef3b9b" testName="ModelIsNotNull" computerName="LAB227-INSTRUCT" duration="00:00:00.0001707" startTime="2012-04-23T19:49:46.8177718-04:00" endTime="2012-04-23T19:49:46.8207719-04:00" testType="13cdc9d9-ddb5-4fa4-a97d-d965ccfc6d4b" outcome="Passed" testListId="8c84fa94-04c1-424b-9868-57a2d4851a1d" relativeResultsDirectory="7a05bb61-e365-4371-8795-37206dce39e8">
    </UnitTestResult>
    <UnitTestResult executionId="f3346cf5-5d55-4866-9f05-5463036e38ca" testId="bf71863f-9046-a0be-0eaa-3a873160c0c2" testName="UsedTypesMethodIsReturningCorrectValues" computerName="LAB227-INSTRUCT" duration="00:00:00.0004035" startTime="2012-04-23T19:49:46.8227720-04:00" endTime="2012-04-23T19:49:46.8247722-04:00" testType="13cdc9d9-ddb5-4fa4-a97d-d965ccfc6d4b" outcome="Passed" testListId="8c84fa94-04c1-424b-9868-57a2d4851a1d" relativeResultsDirectory="f3346cf5-5d55-4866-9f05-5463036e38ca">
    </UnitTestResult>
  </Results>
</TestRun>