<?xml version="1.0" encoding="UTF-8"?>
<TestRun id="540e9fe2-8e13-4438-b5ce-17fd790cc5d0" name="computerlab@LAB227-PC07 2012-04-23 19:08:49" runUser="LAB227-PC07\computerlab" xmlns="http://microsoft.com/schemas/VisualStudio/TeamTest/2010">
  <TestSettings name="Local" id="ca495fc3-76e2-4f20-a487-099b87efe37e">
    <Description>These are default test settings for a local test run.</Description>
    <Deployment enabled="false" runDeploymentRoot="computerlab_LAB227-PC07 2012-04-23 19_08_49" />
    <Execution>
      <TestTypeSpecific />
      <AgentRule name="Execution Agents">
      </AgentRule>
    </Execution>
  </TestSettings>
  <Times creation="2012-04-23T19:08:49.0820306-04:00" queuing="2012-04-23T19:08:49.1160326-04:00" start="2012-04-23T19:08:49.1200328-04:00" finish="2012-04-23T19:08:49.2990430-04:00" />
  <ResultSummary outcome="Completed">
    <Counters total="2" executed="2" passed="2" error="0" failed="0" timeout="0" aborted="0" inconclusive="0" passedButRunAborted="0" notRunnable="0" notExecuted="0" disconnected="0" warning="0" completed="0" inProgress="0" pending="0" />
  </ResultSummary>
  <TestDefinitions>
    <UnitTest name="TestMethod2" storage="c:\netmvc\phoneentrysolution\phoneentrytest\bin\debug\phoneentrytest.dll" id="85a0992e-c884-d03c-5735-fbc0d87de888">
      <Execution id="0ddc94e5-ebf2-4ed0-86b2-10e0eb58f65c" />
      <TestMethod codeBase="C:/netmvc/PhoneEntrySolution/PhoneEntryTest/bin/Debug/PhoneEntryTest.DLL" adapterTypeName="Microsoft.VisualStudio.TestTools.TestTypes.Unit.UnitTestAdapter, Microsoft.VisualStudio.QualityTools.Tips.UnitTest.Adapter, Version=10.0.0.0, Culture=neutral, PublicKeyToken=b03f5f7f11d50a3a" className="PhoneEntryTest.PhoneEntriesViewModelUnitTest, PhoneEntryTest, Version=1.0.0.0, Culture=neutral, PublicKeyToken=null" name="TestMethod2" />
    </UnitTest>
    <UnitTest name="TestMethod1" storage="c:\netmvc\phoneentrysolution\phoneentrytest\bin\debug\phoneentrytest.dll" id="a59297ee-c1ed-32db-a339-cc74913a79c8">
      <Execution id="a091ff58-7185-4483-8393-6b36ca8f3bea" />
      <TestMethod codeBase="C:/netmvc/PhoneEntrySolution/PhoneEntryTest/bin/Debug/PhoneEntryTest.DLL" adapterTypeName="Microsoft.VisualStudio.TestTools.TestTypes.Unit.UnitTestAdapter, Microsoft.VisualStudio.QualityTools.Tips.UnitTest.Adapter, Version=10.0.0.0, Culture=neutral, PublicKeyToken=b03f5f7f11d50a3a" className="PhoneEntryTest.PhoneEntriesViewModelUnitTest, PhoneEntryTest, Version=1.0.0.0, Culture=neutral, PublicKeyToken=null" name="TestMethod1" />
    </UnitTest>
  </TestDefinitions>
  <TestLists>
    <TestList name="Results Not in a List" id="8c84fa94-04c1-424b-9868-57a2d4851a1d" />
    <TestList name="All Loaded Results" id="19431567-8539-422a-85d7-44ee4e166bda" />
  </TestLists>
  <TestEntries>
    <TestEntry testId="85a0992e-c884-d03c-5735-fbc0d87de888" executionId="0ddc94e5-ebf2-4ed0-86b2-10e0eb58f65c" testListId="8c84fa94-04c1-424b-9868-57a2d4851a1d" />
    <TestEntry testId="a59297ee-c1ed-32db-a339-cc74913a79c8" executionId="a091ff58-7185-4483-8393-6b36ca8f3bea" testListId="8c84fa94-04c1-424b-9868-57a2d4851a1d" />
  </TestEntries>
  <Results>
    <UnitTestResult executionId="0ddc94e5-ebf2-4ed0-86b2-10e0eb58f65c" testId="85a0992e-c884-d03c-5735-fbc0d87de888" testName="TestMethod2" computerName="LAB227-PC07" duration="00:00:00.0103799" startTime="2012-04-23T19:08:49.1230330-04:00" endTime="2012-04-23T19:08:49.2840422-04:00" testType="13cdc9d9-ddb5-4fa4-a97d-d965ccfc6d4b" outcome="Passed" testListId="8c84fa94-04c1-424b-9868-57a2d4851a1d" relativeResultsDirectory="0ddc94e5-ebf2-4ed0-86b2-10e0eb58f65c">
    </UnitTestResult>
    <UnitTestResult executionId="a091ff58-7185-4483-8393-6b36ca8f3bea" testId="a59297ee-c1ed-32db-a339-cc74913a79c8" testName="TestMethod1" computerName="LAB227-PC07" duration="00:00:00.0001023" startTime="2012-04-23T19:08:49.2850422-04:00" endTime="2012-04-23T19:08:49.2880424-04:00" testType="13cdc9d9-ddb5-4fa4-a97d-d965ccfc6d4b" outcome="Passed" testListId="8c84fa94-04c1-424b-9868-57a2d4851a1d" relativeResultsDirectory="a091ff58-7185-4483-8393-6b36ca8f3bea">
    </UnitTestResult>
  </Results>
</TestRun>